Starting test bot...
python : [2026-03-19 
20:43:17] [INFO    ] 
discord.client: logging in 
using static token
Au caractère Ligne:1 : 1
+ python -u test_bot.py > 
test_output.log 2>&1
+ ~~~~~~~~~~~~~~~~~~~~~~~~~~~~
~~~~~~~~~~~~~~~~
    + CategoryInfo          : 
    NotSpecified: ([2026-03-  
  19 20:...ng static token:   
 String) [], RemoteExcepti    
on
    + FullyQualifiedErrorId : 
    NativeCommandError
 
[2026-03-19 20:43:18] [INFO   
 ] discord.gateway: Shard ID 
None has connected to Gateway 
(Session ID: 501a69c0d1f43dd7f
929186e80fea291).
==================================================
Bot logged in as: DALAS TEST#9509
Bot ID: 1471671330498937009
Connected to 1 server(s)
  - KARYS SHOP (ID: 1466153811524452466)
==================================================
